// Jest Snapshot v1, https://goo.gl/fbAQLP

exports[`RadioIconButtonGroup should render correctly 1`] = `<fieldset />`;
